Nothing to build in platform 'Hastlayer_Platform'

19:39:03 **** Incremental Build of configuration Debug for project HastlayerOperatingSystem ****
make all 
make --no-print-directory pre-build
a9-linaro-pre-build-step
 
make --no-print-directory main-build
Building file: ../src/Services/MemoryManager.cpp
Invoking: ARM v7 g++ compiler
arm-none-eabi-g++ -Wall -O0 -g3 -c -fmessage-length=0 -MT"src/Services/MemoryManager.o" -mcpu=cortex-a9 -mfpu=vfpv3 -mfloat-abi=hard -I/home/halpa/Documents/Smith-Waterman/Hastlayer/Hastlayer-Hardware-Framework---Xilinx/SDK/Hastlayer_Platform/export/Hastlayer_Platform/sw/Hastlayer_Platform/standalone_ps7_cortexa9_0/bspinclude/include -MMD -MP -MF"src/Services/MemoryManager.d" -MT"src/Services/MemoryManager.o" -o "src/Services/MemoryManager.o" "../src/Services/MemoryManager.cpp"
Finished building: ../src/Services/MemoryManager.cpp
 
Building target: HastlayerOperatingSystem.elf
Invoking: ARM v7 g++ linker
arm-none-eabi-g++ -mcpu=cortex-a9 -mfpu=vfpv3 -mfloat-abi=hard -Wl,-build-id=none -specs=Xilinx.spec -Wl,-T -Wl,../src/lscript.ld -L/home/halpa/Documents/Smith-Waterman/Hastlayer/Hastlayer-Hardware-Framework---Xilinx/SDK/Hastlayer_Platform/export/Hastlayer_Platform/sw/Hastlayer_Platform/standalone_ps7_cortexa9_0/bsplib/lib -o "HastlayerOperatingSystem.elf"  ./src/Services/Serial/SerialCommunicationServer.o ./src/Services/Serial/UartManager.o  ./src/Services/Ethernet/DefaultNetworkInterfaceAccessor.o ./src/Services/Ethernet/EchoServerTcpAcceptCallbackProvider.o ./src/Services/Ethernet/EchoServerUdpReceiveCallbackProvider.o ./src/Services/Ethernet/EthernetCommunicationServer.o ./src/Services/Ethernet/EthernetManager.o ./src/Services/Ethernet/InputOutputMemoryTcpAcceptCallbackProvider.o ./src/Services/Ethernet/WhoIsAvailableUdpReceiveCallbackProvider.o  ./src/Services/MemoryManager.o ./src/Services/RegisterManager.o ./src/Services/TimerCallbackManager.o  ./src/Models/IPEndPoint.o  ./src/Helpers/ValueConverters.o  ./src/Constants/EthernetCommunicationConstants.o  ./src/Main.o ./src/Platform.o   -Wl,--start-group,-lxil,-lgcc,-lc,-lstdc++,--end-group
Finished building target: HastlayerOperatingSystem.elf
 
Invoking: ARM v7 Print Size
arm-none-eabi-size HastlayerOperatingSystem.elf  |tee "HastlayerOperatingSystem.elf.size"
   text	   data	    bss	    dec	    hex	filename
  33328	   2192	  22640	  58160	   e330	HastlayerOperatingSystem.elf
Finished building: HastlayerOperatingSystem.elf.size
 
